// Jest Snapshot v1, https://goo.gl/fbAQLP

exports[`renders correctly 1`] = `
<View
  style={
    Object {
      "alignItems": "center",
      "flex": 1,
    }
  }
>
  <View
    style={
      Object {
        "backgroundColor": "#607D8B",
        "height": 1,
        "opacity": 0.3,
        "width": "92%",
      }
    }
  />
</View>
`;
